// Jest Snapshot v1, https://goo.gl/fbAQLP

exports[`Chain 1`] = `
"
╔══════╤═════╤════════╗
║ t    │ x   │ y      ║
╟──────┼─────┼────────╢
║ 0    │ 0   │        ║
║ 0.05 │ 0.1 │        ║
║ 0.1  │ 0.2 │        ║
║ 0.15 │ 0.3 │        ║
║ 0.2  │ 0.4 │        ║
║ 0.25 │ 0.5 │        ║
║ 0.3  │ 0.6 │        ║
║ 0.35 │ 0.7 │        ║
║ 0.4  │ 0.8 │        ║
║ 0.45 │ 0.9 │        ║
║ 0.5  │ 1   │        ║
║ 0.55 │ 1   │        ║
║ 0.6  │ 1   │        ║
║ 0.65 │ 1   │        ║
║ 0.7  │ 1   │        ║
║ 0.75 │     │ 0      ║
║ 0.8  │     │ 0.2000 ║
║ 0.85 │     │ 0.3999 ║
║ 0.9  │     │ 0.6000 ║
║ 0.95 │     │ 0.7999 ║
║ 1    │     │ 1      ║
╚══════╧═════╧════════╝
"
`;

exports[`Line Enter 1`] = `
"
╔══════╤══════════════════════╤════════╤═════════╗
║ t    │ transform            │ height │ opacity ║
╟──────┼──────────────────────┼────────┼─────────╢
║ 0    │ translateX(250px)    │ 0      │ 0       ║
║ 0.05 │ translateX(250px)    │ 0      │ 0       ║
║ 0.1  │ translateX(250px)    │ 0      │ 0       ║
║ 0.15 │ translateX(250px)    │ 0      │ 0       ║
║ 0.2  │ translateX(250px)    │ 0      │ 0       ║
║ 0.25 │ translateX(250px)    │ 1.3888 │ 0       ║
║ 0.3  │ translateX(250px)    │ 5.5555 │ 0       ║
║ 0.35 │ translateX(250px)    │ 12.499 │ 0       ║
║ 0.4  │ translateX(250px)    │ 22.222 │ 0       ║
║ 0.45 │ translateX(250px)    │ 34.722 │ 0       ║
║ 0.5  │ translateX(250px)    │ 49.999 │ 0       ║
║ 0.55 │ translateX(250px)    │ 65.277 │ 0       ║
║ 0.6  │ translateX(250px)    │ 77.777 │ 0       ║
║ 0.65 │ translateX(250px)    │ 87.499 │ 0       ║
║ 0.7  │ translateX(250px)    │ 94.444 │ 0       ║
║ 0.75 │ translateX(250px)    │ 98.611 │ 0       ║
║ 0.8  │ translateX(250px)    │ 100    │ 0       ║
║ 0.85 │ translateX(187.50000 │ 100    │ 0.1999  ║
║ 0.9  │ translateX(125px)    │ 100    │ 0.4     ║
║ 0.95 │ translateX(62.500000 │ 100    │ 0.5999  ║
║ 1    │ translateX(0px)      │ 100    │ 0.8     ║
╚══════╧══════════════════════╧════════╧═════════╝
"
`;

exports[`Line Exit 1`] = `
"
╔══════╤══════════════════════╤════════╤═════════╗
║ t    │ transform            │ height │ opacity ║
╟──────┼──────────────────────┼────────┼─────────╢
║ 0    │ translateX(0px)      │        │ 0.8     ║
║ 0.05 │ translateX(-62.5px)  │        │ 0.6000  ║
║ 0.1  │ translateX(-125px)   │        │ 0.4     ║
║ 0.15 │ translateX(-187.4999 │        │ 0.2000  ║
║ 0.2  │ translateX(-250px)   │ 100    │ 0       ║
║ 0.25 │ translateX(-250px)   │ 98.611 │ 0       ║
║ 0.3  │ translateX(-250px)   │ 94.444 │ 0       ║
║ 0.35 │ translateX(-250px)   │ 87.500 │ 0       ║
║ 0.4  │ translateX(-250px)   │ 77.777 │ 0       ║
║ 0.45 │ translateX(-250px)   │ 65.277 │ 0       ║
║ 0.5  │ translateX(-250px)   │ 50.000 │ 0       ║
║ 0.55 │ translateX(-250px)   │ 34.722 │ 0       ║
║ 0.6  │ translateX(-250px)   │ 22.222 │ 0       ║
║ 0.65 │ translateX(-250px)   │ 12.500 │ 0       ║
║ 0.7  │ translateX(-250px)   │ 5.5555 │ 0       ║
║ 0.75 │ translateX(-250px)   │ 1.3888 │ 0       ║
║ 0.8  │ translateX(-250px)   │ 0      │ 0       ║
║ 0.85 │ translateX(-250px)   │ 0      │ 0       ║
║ 0.9  │ translateX(-250px)   │ 0      │ 0       ║
║ 0.95 │ translateX(-250px)   │ 0      │ 0       ║
║ 1    │ translateX(-250px)   │ 0      │ 0       ║
╚══════╧══════════════════════╧════════╧═════════╝
"
`;

exports[`Tween Easing 1`] = `
"
╔══════╤════════╤═════════╤══════════╤═════════════╗
║ t    │ Linear │ In Quad │ Out Quad │ In Out Quad ║
╟──────┼────────┼─────────┼──────────┼─────────────╢
║ 0    │ 10     │ 10      │ 10       │ 10          ║
║ 0.05 │ 10.5   │ 10.02   │ 10.97    │ 10.05       ║
║ 0.1  │ 11     │ 10.1    │ 11.9     │ 10.2        ║
║ 0.15 │ 11.5   │ 10.22   │ 12.77    │ 10.45       ║
║ 0.2  │ 12     │ 10.4    │ 13.60    │ 10.8        ║
║ 0.25 │ 12.5   │ 10.62   │ 14.37    │ 11.25       ║
║ 0.3  │ 13     │ 10.9    │ 15.1     │ 11.8        ║
║ 0.35 │ 13.5   │ 11.22   │ 15.77    │ 12.45       ║
║ 0.4  │ 14     │ 11.6    │ 16.40    │ 13.20       ║
║ 0.45 │ 14.5   │ 12.02   │ 16.97    │ 14.05       ║
║ 0.5  │ 15     │ 12.5    │ 17.5     │ 15          ║
║ 0.55 │ 15.5   │ 13.02   │ 17.97    │ 15.95       ║
║ 0.6  │ 16     │ 13.6    │ 18.4     │ 16.79       ║
║ 0.65 │ 16.5   │ 14.22   │ 18.77    │ 17.55       ║
║ 0.7  │ 17     │ 14.89   │ 19.1     │ 18.2        ║
║ 0.75 │ 17.5   │ 15.62   │ 19.37    │ 18.75       ║
║ 0.8  │ 18     │ 16.40   │ 19.6     │ 19.2        ║
║ 0.85 │ 18.5   │ 17.22   │ 19.77    │ 19.54       ║
║ 0.9  │ 19     │ 18.1    │ 19.9     │ 19.80       ║
║ 0.95 │ 19.5   │ 19.02   │ 19.97    │ 19.95       ║
║ 1    │ 20     │ 20      │ 20       │ 20          ║
╚══════╧════════╧═════════╧══════════╧═════════════╝
"
`;
